// Jest Snapshot v1, https://goo.gl/fbAQLP

exports[`emits a valid sourcemap 1`] = `
Object {
  "file": "index.js",
  "mappings": ";AAAAA,QAAAC,IAAA",
  "names": Array [
    "console",
    "log",
  ],
  "sources": Array [
    "index.js",
  ],
  "sourcesContent": Array [
    "console.log(\\"hi!\\");
",
  ],
  "version": 3,
}
`;
